// Jest Snapshot v1, https://goo.gl/fbAQLP

exports[`BasicList should render properly 1`] = `
<IntlProvider
  defaultFormats={Object {}}
  defaultLocale="en"
  formats={Object {}}
  locale="en"
  messages={
    Object {
      "about": Object {
        "education": "Education",
        "experience": "Experience",
        "freelance": "Freelance work",
        "me": "About me",
        "projects": "Side projects",
        "talks": "Talks / workshops",
        "volunteering": "Volunteering",
      },
      "menu": Object {
        "switchTheme": "Switch Theme",
        "toEnglish": "Switch to English language",
        "toSpanish": "Switch to Spanish language",
      },
      "subtitle": "Software Developer",
      "title": "Francisco Javier Palacios PÃ©rez",
    }
  }
  onError={[Function]}
  textComponent={Symbol(react.fragment)}
>
  <BasicList
    data={
      Array [
        Object {
          "dates": "10/07/1856",
          "desc": "Lorem ipsum dolor sit amet, consectetur adipiscing elit.",
          "location": "Location",
          "name": "Lorem ipsum",
        },
      ]
    }
  >
    <div
      className="basic-list"
      key="0"
    >
      <div
        className="basic-list__name"
      >
        <Name>
          <span>
            Lorem ipsum
          </span>
        </Name>
      </div>
      <div
        className="basic-list__dates"
      >
        10/07/1856
      </div>
      <div
        className="basic-list__location"
      >
        Location
      </div>
      <div
        className="basic-list__desc"
        dangerouslySetInnerHTML={
          Object {
            "__html": "Lorem ipsum dolor sit amet, consectetur adipiscing elit.",
          }
        }
      />
    </div>
  </BasicList>
</IntlProvider>
`;
